// Jest Snapshot v1, https://goo.gl/fbAQLP

exports[`expects to render the ReactCalendar component 1`] = `ShallowWrapper {}`;
