// Jest Snapshot v1, https://goo.gl/fbAQLP

exports[`Health.js expects to render Health component 1`] = `ShallowWrapper {}`;
